// Jest Snapshot v1, https://goo.gl/fbAQLP

exports[`<FrontPage /> Should fetch "FrontPageDetails" on load 1`] = `
<DocumentFragment>
  <section
    class="news-header"
    id="newsHeaders"
  >
    <header>
      <div
        class="row"
      >
        <div
          class="col-sm-3 col-md-2"
        >
          <div
            class="row"
          >
            <div
              class="col-sm-4 col-4"
            >
              <span
                class="d-none d-lg-block"
              >
                Comments
              </span>
              <i
                aria-hidden="true"
                class="fa fa-comments d-lg-none pl-4"
              />
            </div>
            <div
              class="col-sm-4 col-4"
            >
              <span
                class="d-none d-lg-block pl-3"
              >
                Vote
              </span>
              <i
                aria-hidden="true"
                class="fa fa-heart d-lg-none pl-3"
              />
            </div>
            <div
              class="col-sm-4 col-4"
            >
              <span
                class="d-none d-lg-block"
              >
                UpVote
              </span>
              <i
                aria-hidden="true"
                class="fa fa-gratipay d-lg-none pl-sm-3"
              />
            </div>
          </div>
        </div>
        <div
          class="col-sm-9 col-md-10 text-left pl-4"
        >
          <span
            class="d-none d-md-block"
          >
            News Details
          </span>
          <i
            aria-hidden="true"
            class="fa fa-bullhorn d-none d-sm-block d-md-none"
          />
        </div>
      </div>
    </header>
  </section>
  <section
    class="news-details container-fluid"
    id="newsDetails"
  >
    <div
      class="center"
    >
      <div
        class="spinner"
      />
    </div>
  </section>
  <section
    class="text-center text-md-right font-weight-bolder text-dark mt-4"
  >
    <ul
      class="list-inline"
    >
      <li
        class="list-inline-item border-right pr-2"
      >
        <span
          class="text-xs-center pointer"
          title="Load previous"
        >
          Prev
        </span>
      </li>
      <li
        class="list-inline-item"
      >
        <span
          class="text-xs-center pointer"
          title="Load next"
        >
          Next
        </span>
      </li>
    </ul>
  </section>
  <section>
    <section
      class="chart-container w-100 py-3"
      id="chartContainer"
    >
      <div
        class="recharts-wrapper"
        style="position: relative; cursor: default; width: 250px; height: 300px;"
      >
        <svg
          class="recharts-surface"
          height="300"
          version="1.1"
          viewBox="0 0 250 300"
          width="250"
        >
          <defs>
            <clippath
              id="recharts2-clip"
            >
              <rect
                height="260"
                width="140"
                x="80"
                y="5"
              />
            </clippath>
          </defs>
          <g
            class="recharts-cartesian-grid"
          >
            <g
              class="recharts-cartesian-grid-horizontal"
            >
              <line
                fill="none"
                height="260"
                stroke="#ccc"
                stroke-dasharray="3 3"
                width="140"
                x="80"
                x1="80"
                x2="220"
                y="5"
                y1="5"
                y2="5"
              />
              <line
                fill="none"
                height="260"
                stroke="#ccc"
                stroke-dasharray="3 3"
                width="140"
                x="80"
                x1="80"
                x2="220"
                y="5"
                y1="265"
                y2="265"
              />
            </g>
            <g
              class="recharts-cartesian-grid-vertical"
            >
              <line
                fill="none"
                height="260"
                stroke="#ccc"
                stroke-dasharray="3 3"
                width="140"
                x="80"
                x1="80"
                x2="80"
                y="5"
                y1="5"
                y2="265"
              />
              <line
                fill="none"
                height="260"
                stroke="#ccc"
                stroke-dasharray="3 3"
                width="140"
                x="80"
                x1="220"
                x2="220"
                y="5"
                y1="5"
                y2="265"
              />
            </g>
          </g>
          <g
            class="recharts-layer recharts-cartesian-axis recharts-yAxis yAxis"
          >
            <line
              class="recharts-cartesian-axis-line"
              fill="none"
              height="260"
              stroke="#666"
              width="60"
              x="20"
              x1="80"
              x2="80"
              y="5"
              y1="5"
              y2="265"
            />
            <g
              class="recharts-cartesian-axis-ticks"
            />
          </g>
        </svg>
        <div
          class="recharts-legend-wrapper"
          style="position: absolute; width: 200px; height: auto; left: 20px; bottom: 5px;"
        >
          <ul
            class="recharts-default-legend"
            style="padding: 0px; margin: 0px; text-align: center;"
          >
            <li
              class="recharts-legend-item legend-item-0"
              style="display: inline-block; margin-right: 10px;"
            >
              <svg
                class="recharts-surface"
                height="14"
                style="display: inline-block; vertical-align: middle; margin-right: 4px;"
                version="1.1"
                viewBox="0 0 32 32"
                width="14"
              >
                <path
                  class="recharts-legend-icon"
                  d="M0,16h10.666666666666666
            A5.333333333333333,5.333333333333333,0,1,1,21.333333333333332,16
            H32M21.333333333333332,16
            A5.333333333333333,5.333333333333333,0,1,1,10.666666666666666,16"
                  fill="none"
                  stroke="#8884d8"
                  stroke-width="4"
                />
              </svg>
              <span
                class="recharts-legend-item-text"
              >
                points
              </span>
            </li>
          </ul>
        </div>
        <div
          class="recharts-tooltip-wrapper"
          style="transform: translate(undefinedpx, undefinedpx); pointer-events: none; visibility: hidden; position: absolute; top: 0px;"
        >
          <div
            class="recharts-default-tooltip"
            style="margin: 0px; padding: 10px; background-color: rgb(255, 255, 255); border: 1px solid #ccc; white-space: nowrap;"
          >
            <p
              class="recharts-tooltip-label"
              style="margin: 0px;"
            />
          </div>
        </div>
      </div>
    </section>
  </section>
</DocumentFragment>
`;
